// Jest Snapshot v1, https://goo.gl/fbAQLP

exports[`babelTransform 1`] = `
"const symbol = symbol;

if (symbol) {
  getContent({
    apiKey: builderContext.apiKey
  }).then(response => {
    content = response;
  });
}"
`;
