// Vitest Snapshot v1, https://vitest.dev/guide/snapshot.html

exports[`renderImport > Adds correct extension to component import 1`] = `"import  RenderBlocks from '../render-blocks.vue';"`;
