// Vitest Snapshot v1, https://vitest.dev/guide/snapshot.html

exports[`replaceSignalSetters > should replace signal setters 1`] = `
"props.setBuilderContextSignal(PREVIOUS_VALUE => ({ ...PREVIOUS_VALUE,
  content: { ...builderContextSignal.content,
    ...newContent,
    data: { ...builderContextSignal.content?.data,
      ...newContent?.data
    },
    meta: { ...builderContextSignal.content?.meta,
      ...newContent?.meta,
      breakpoints: newContent?.meta?.breakpoints || builderContextSignal.content?.meta?.breakpoints
    }
  }
}));
setBuilderContextSignal(PREVIOUS_VALUE => ({ ...PREVIOUS_VALUE,
  rootState: newRootState
}))"
`;
