// Vitest Snapshot v1, https://vitest.dev/guide/snapshot.html

exports[`Builder Personalization Container/Variants > Snapshot PersonalizedContainer 1`] = `
{
  "@type": "@builder.io/sdk:Element",
  "actions": {},
  "children": [
    {
      "@type": "@builder.io/sdk:Element",
      "actions": {},
      "bindings": {},
      "children": [
        {
          "@type": "@builder.io/sdk:Element",
          "bindings": {},
          "component": {
            "name": "Text",
            "options": {
              "text": "Default",
            },
          },
          "tagName": "span",
        },
      ],
      "code": {
        "actions": {},
        "bindings": {},
      },
      "properties": {},
      "tagName": "div",
    },
    {
      "@type": "@builder.io/sdk:Element",
      "actions": {},
      "bindings": {},
      "children": [
        {
          "@type": "@builder.io/sdk:Element",
          "bindings": {},
          "component": {
            "name": "Text",
            "options": {
              "text": "More tree",
            },
          },
          "tagName": "span",
        },
      ],
      "code": {
        "actions": {},
        "bindings": {},
      },
      "properties": {},
      "tagName": "div",
    },
  ],
  "code": {
    "actions": {},
    "bindings": {},
  },
  "component": {
    "name": "PersonalizationContainer",
    "options": {
      "variants": [
        {
          "blocks": [
            {
              "@type": "@builder.io/sdk:Element",
              "actions": {},
              "bindings": {},
              "children": [
                {
                  "@type": "@builder.io/sdk:Element",
                  "bindings": {},
                  "component": {
                    "name": "Text",
                    "options": {
                      "text": "Home",
                    },
                  },
                  "tagName": "span",
                },
              ],
              "code": {
                "actions": {},
                "bindings": {},
              },
              "properties": {},
              "tagName": "div",
            },
            {
              "@type": "@builder.io/sdk:Element",
              "actions": {},
              "bindings": {},
              "children": [
                {
                  "@type": "@builder.io/sdk:Element",
                  "bindings": {},
                  "component": {
                    "name": "Text",
                    "options": {
                      "text": "Div",
                    },
                  },
                  "tagName": "span",
                },
              ],
              "code": {
                "actions": {},
                "bindings": {},
              },
              "properties": {},
              "tagName": "div",
            },
          ],
          "name": "variant1",
          "query": [
            {
              "@type": "@builder.io/core:Query",
              "operation": "is",
              "property": "urlPath",
              "value": "/home",
            },
          ],
          "startDate": "2024-01-01",
        },
        {
          "blocks": [
            {
              "@type": "@builder.io/sdk:Element",
              "actions": {},
              "bindings": {},
              "children": [
                {
                  "@type": "@builder.io/sdk:Element",
                  "bindings": {},
                  "component": {
                    "name": "Text",
                    "options": {
                      "text": "Red",
                    },
                  },
                  "tagName": "span",
                },
              ],
              "code": {
                "actions": {},
                "bindings": {},
              },
              "component": {
                "name": "Core:Fragment",
              },
            },
          ],
          "name": "2",
          "query": [
            {
              "@type": "@builder.io/core:Query",
              "operation": "is",
              "property": "favoriteColor",
              "value": [
                "red",
                "blue",
              ],
            },
          ],
        },
      ],
    },
  },
}
`;
