// Vitest Snapshot v1, https://vitest.dev/guide/snapshot.html

exports[`findOptionalProps > interfaces 1`] = `
[
  "id",
  "foo",
]
`;

exports[`findOptionalProps > type extending interface 1`] = `
[
  "foo",
  "id",
]
`;

exports[`findOptionalProps > types 1`] = `
[
  "foo",
  "id",
]
`;
