// Vitest Snapshot v1

exports[`findSignals > x 1`] = `
{
  "context": Set {
    "context",
  },
  "props": Set {
    "k",
  },
  "state": Set {
    "n",
  },
}
`;
