// Jest Snapshot v1, https://goo.gl/fbAQLP

exports[`Alpine.js Remove Internal mitosis package 1`] = `
"<div x-data=\\"myBasicComponent()\\">
  Hello
  <span x-html=\\"name\\"></span>
  ! I can run in React, Qwik, Vue, Solid, or Liquid!
</div>
<script>
  document.addEventListener(\\"alpine:init\\", () => {
    Alpine.data(\\"myBasicComponent\\", () => ({ name: \\"PatrickJS\\" }));
  });
</script>
"
`;
