// Vitest Snapshot v1

exports[`map camle cased > map camle cased 1`] = `
"<script>
  import React from \\"@builder.io/react\\";

  let name = \\"Steve\\";
</script>

<div>
  <img srcSet=\\"http://example.com\\" />
</div>"
`;
