// Jest Snapshot v1, https://goo.gl/fbAQLP

exports[`Parse JSX Image 1`] = `
Object {
  "@type": "@builder.io/mitosis/component",
  "children": Array [
    Object {
      "@type": "@builder.io/mitosis/node",
      "bindings": Object {},
      "children": Array [
        Object {
          "@type": "@builder.io/mitosis/node",
          "bindings": Object {},
          "children": Array [],
          "meta": Object {},
          "name": "div",
          "properties": Object {
            "_text": "
      ",
          },
          "scope": Object {},
        },
        Object {
          "@type": "@builder.io/mitosis/node",
          "bindings": Object {
            "ref": Object {
              "code": "pictureRef",
            },
          },
          "children": Array [
            Object {
              "@type": "@builder.io/mitosis/node",
              "bindings": Object {},
              "children": Array [],
              "meta": Object {},
              "name": "div",
              "properties": Object {
                "_text": "
        ",
              },
              "scope": Object {},
            },
            Object {
              "@type": "@builder.io/mitosis/node",
              "bindings": Object {
                "when": Object {
                  "code": "!state.useLazyLoading() || state.load",
                },
              },
              "children": Array [
                Object {
                  "@type": "@builder.io/mitosis/node",
                  "bindings": Object {},
                  "children": Array [],
                  "meta": Object {},
                  "name": "div",
                  "properties": Object {
                    "_text": "
          ",
                  },
                  "scope": Object {},
                },
                Object {
                  "@type": "@builder.io/mitosis/node",
                  "bindings": Object {
                    "alt": Object {
                      "code": "props.altText",
                    },
                    "aria-role": Object {
                      "code": "props.altText ? 'presentation' : undefined",
                    },
                    "class": Object {
                      "code": "'builder-image' + (props.class ? ' ' + props.class : '')",
                    },
                    "css": Object {
                      "code": "{
  opacity: '1',
  transition: 'opacity 0.2s ease-in-out',
  objectFit: 'cover',
  objectPosition: 'center'
}",
                    },
                    "onLoad": Object {
                      "code": "state.setLoaded()",
                    },
                    "sizes": Object {
                      "code": "props.sizes",
                    },
                    "src": Object {
                      "code": "props.image",
                    },
                    "srcset": Object {
                      "code": "props.srcset",
                    },
                  },
                  "children": Array [],
                  "meta": Object {},
                  "name": "img",
                  "properties": Object {},
                  "scope": Object {},
                },
                Object {
                  "@type": "@builder.io/mitosis/node",
                  "bindings": Object {},
                  "children": Array [],
                  "meta": Object {},
                  "name": "div",
                  "properties": Object {
                    "_text": "
        ",
                  },
                  "scope": Object {},
                },
              ],
              "meta": Object {},
              "name": "Show",
              "properties": Object {},
              "scope": Object {},
            },
            Object {
              "@type": "@builder.io/mitosis/node",
              "bindings": Object {},
              "children": Array [],
              "meta": Object {},
              "name": "div",
              "properties": Object {
                "_text": "
        ",
              },
              "scope": Object {},
            },
            Object {
              "@type": "@builder.io/mitosis/node",
              "bindings": Object {
                "srcset": Object {
                  "code": "props.srcset",
                },
              },
              "children": Array [],
              "meta": Object {},
              "name": "source",
              "properties": Object {},
              "scope": Object {},
            },
            Object {
              "@type": "@builder.io/mitosis/node",
              "bindings": Object {},
              "children": Array [],
              "meta": Object {},
              "name": "div",
              "properties": Object {
                "_text": "
      ",
              },
              "scope": Object {},
            },
          ],
          "meta": Object {},
          "name": "picture",
          "properties": Object {},
          "scope": Object {},
        },
        Object {
          "@type": "@builder.io/mitosis/node",
          "bindings": Object {},
          "children": Array [],
          "meta": Object {},
          "name": "div",
          "properties": Object {
            "_text": "
      ",
          },
          "scope": Object {},
        },
        Object {
          "@type": "@builder.io/mitosis/node",
          "bindings": Object {
            "_text": Object {
              "code": "props.children",
            },
          },
          "children": Array [],
          "meta": Object {},
          "name": "div",
          "properties": Object {},
          "scope": Object {},
        },
        Object {
          "@type": "@builder.io/mitosis/node",
          "bindings": Object {},
          "children": Array [],
          "meta": Object {},
          "name": "div",
          "properties": Object {
            "_text": "
    ",
          },
          "scope": Object {},
        },
      ],
      "meta": Object {},
      "name": "Fragment",
      "properties": Object {},
      "scope": Object {},
    },
  ],
  "context": Object {
    "get": Object {},
    "set": Object {},
  },
  "hooks": Object {
    "onMount": Object {
      "code": "
  if (state.useLazyLoading()) {
    // throttled scroll capture listener
    const listener = () => {
      if (pictureRef) {
        const rect = pictureRef.getBoundingClientRect();
        const buffer = window.innerHeight / 2;

        if (rect.top < window.innerHeight + buffer) {
          state.load = true;
          state.scrollListener = null;
          window.removeEventListener('scroll', listener);
        }
      }
    };

    state.scrollListener = listener;
    window.addEventListener('scroll', listener, {
      capture: true,
      passive: true
    });
    listener();
  }
",
    },
    "onUnMount": Object {
      "code": "
  if (state.scrollListener) {
    window.removeEventListener('scroll', state.scrollListener);
  }
",
    },
  },
  "imports": Array [],
  "inputs": Array [],
  "meta": Object {},
  "name": "Image",
  "state": Object {
    "imageLoaded": false,
    "isBrowser": "@builder.io/mitosis/method:isBrowser() {
  return typeof window !== 'undefined' && window.navigator.product != 'ReactNative';
}",
    "load": false,
    "scrollListener": null,
    "setLoaded": "@builder.io/mitosis/method:setLoaded() {
  state.imageLoaded = true;
}",
    "useLazyLoading": "@builder.io/mitosis/method:useLazyLoading() {
  // TODO: Add more checks here, like testing for real web browsers
  return !!props.lazy && state.isBrowser();
}",
  },
  "subComponents": Array [],
}
`;

exports[`Parse JSX metadata 1`] = `
Object {
  "@type": "@builder.io/mitosis/component",
  "children": Array [
    Object {
      "@type": "@builder.io/mitosis/node",
      "bindings": Object {},
      "children": Array [
        Object {
          "@type": "@builder.io/mitosis/node",
          "bindings": Object {},
          "children": Array [],
          "meta": Object {},
          "name": "div",
          "properties": Object {
            "_text": "
      ",
          },
          "scope": Object {},
        },
        Object {
          "@type": "@builder.io/mitosis/node",
          "bindings": Object {
            "when": Object {
              "code": "props.link",
            },
          },
          "children": Array [
            Object {
              "@type": "@builder.io/mitosis/node",
              "bindings": Object {},
              "children": Array [],
              "meta": Object {},
              "name": "div",
              "properties": Object {
                "_text": "
        ",
              },
              "scope": Object {},
            },
            Object {
              "@type": "@builder.io/mitosis/node",
              "bindings": Object {
                "_spread": Object {
                  "code": "props.attributes",
                },
                "href": Object {
                  "code": "props.link",
                },
                "target": Object {
                  "code": "props.openLinkInNewTab ? '_blank' : undefined",
                },
              },
              "children": Array [
                Object {
                  "@type": "@builder.io/mitosis/node",
                  "bindings": Object {},
                  "children": Array [],
                  "meta": Object {},
                  "name": "div",
                  "properties": Object {
                    "_text": "
          ",
                  },
                  "scope": Object {},
                },
                Object {
                  "@type": "@builder.io/mitosis/node",
                  "bindings": Object {
                    "_text": Object {
                      "code": "props.text",
                    },
                  },
                  "children": Array [],
                  "meta": Object {},
                  "name": "div",
                  "properties": Object {},
                  "scope": Object {},
                },
                Object {
                  "@type": "@builder.io/mitosis/node",
                  "bindings": Object {},
                  "children": Array [],
                  "meta": Object {},
                  "name": "div",
                  "properties": Object {
                    "_text": "
        ",
                  },
                  "scope": Object {},
                },
              ],
              "meta": Object {},
              "name": "a",
              "properties": Object {},
              "scope": Object {},
            },
            Object {
              "@type": "@builder.io/mitosis/node",
              "bindings": Object {},
              "children": Array [],
              "meta": Object {},
              "name": "div",
              "properties": Object {
                "_text": "
      ",
              },
              "scope": Object {},
            },
          ],
          "meta": Object {},
          "name": "Show",
          "properties": Object {},
          "scope": Object {},
        },
        Object {
          "@type": "@builder.io/mitosis/node",
          "bindings": Object {},
          "children": Array [],
          "meta": Object {},
          "name": "div",
          "properties": Object {
            "_text": "
      ",
          },
          "scope": Object {},
        },
        Object {
          "@type": "@builder.io/mitosis/node",
          "bindings": Object {
            "when": Object {
              "code": "!props.link",
            },
          },
          "children": Array [
            Object {
              "@type": "@builder.io/mitosis/node",
              "bindings": Object {},
              "children": Array [],
              "meta": Object {},
              "name": "div",
              "properties": Object {
                "_text": "
        ",
              },
              "scope": Object {},
            },
            Object {
              "@type": "@builder.io/mitosis/node",
              "bindings": Object {
                "_spread": Object {
                  "code": "props.attributes",
                },
              },
              "children": Array [
                Object {
                  "@type": "@builder.io/mitosis/node",
                  "bindings": Object {},
                  "children": Array [],
                  "meta": Object {},
                  "name": "div",
                  "properties": Object {
                    "_text": "
          ",
                  },
                  "scope": Object {},
                },
                Object {
                  "@type": "@builder.io/mitosis/node",
                  "bindings": Object {
                    "_text": Object {
                      "code": "props.text",
                    },
                  },
                  "children": Array [],
                  "meta": Object {},
                  "name": "div",
                  "properties": Object {},
                  "scope": Object {},
                },
                Object {
                  "@type": "@builder.io/mitosis/node",
                  "bindings": Object {},
                  "children": Array [],
                  "meta": Object {},
                  "name": "div",
                  "properties": Object {
                    "_text": "
        ",
                  },
                  "scope": Object {},
                },
              ],
              "meta": Object {},
              "name": "button",
              "properties": Object {
                "type": "button",
              },
              "scope": Object {},
            },
            Object {
              "@type": "@builder.io/mitosis/node",
              "bindings": Object {},
              "children": Array [],
              "meta": Object {},
              "name": "div",
              "properties": Object {
                "_text": "
      ",
              },
              "scope": Object {},
            },
          ],
          "meta": Object {},
          "name": "Show",
          "properties": Object {},
          "scope": Object {},
        },
        Object {
          "@type": "@builder.io/mitosis/node",
          "bindings": Object {},
          "children": Array [],
          "meta": Object {},
          "name": "div",
          "properties": Object {
            "_text": "
    ",
          },
          "scope": Object {},
        },
      ],
      "meta": Object {},
      "name": "Fragment",
      "properties": Object {},
      "scope": Object {},
    },
  ],
  "context": Object {
    "get": Object {},
    "set": Object {},
  },
  "hooks": Object {},
  "imports": Array [],
  "inputs": Array [],
  "meta": Object {
    "useMetadata": Object {
      "foo": Object {
        "bar": "baz",
      },
    },
  },
  "name": "Button",
  "state": Object {},
  "subComponents": Array [],
}
`;
