// Vitest Snapshot v1, https://vitest.dev/guide/snapshot.html

exports[`Parse Alpine > basic 1`] = `
{
  "@type": "@builder.io/mitosis/component",
  "children": [
    {
      "@type": "@builder.io/mitosis/node",
      "bindings": {},
      "children": [
        {
          "@type": "@builder.io/mitosis/node",
          "bindings": {
            "data": {
              "bindingType": "expression",
              "code": "{ message: 'Hello Alpine!' }",
              "type": "single",
            },
          },
          "children": [
            {
              "@type": "@builder.io/mitosis/node",
              "bindings": {
                "_text": {
                  "bindingType": "expression",
                  "code": "\\"
  \\"",
                  "type": "single",
                },
              },
              "children": [],
              "meta": {},
              "name": "div",
              "properties": {},
              "scope": {},
            },
            {
              "@type": "@builder.io/mitosis/node",
              "bindings": {
                "_text": {
                  "bindingType": "expression",
                  "code": "message",
                  "type": "single",
                },
              },
              "children": [],
              "meta": {},
              "name": "h1",
              "properties": {},
              "scope": {},
            },
            {
              "@type": "@builder.io/mitosis/node",
              "bindings": {
                "_text": {
                  "bindingType": "expression",
                  "code": "\\"
\\"",
                  "type": "single",
                },
              },
              "children": [],
              "meta": {},
              "name": "div",
              "properties": {},
              "scope": {},
            },
          ],
          "meta": {},
          "name": "div",
          "properties": {},
          "scope": {},
        },
        {
          "@type": "@builder.io/mitosis/node",
          "bindings": {
            "_text": {
              "bindingType": "expression",
              "code": "\\" \\"",
              "type": "single",
            },
          },
          "children": [],
          "meta": {},
          "name": "div",
          "properties": {},
          "scope": {},
        },
      ],
      "meta": {},
      "name": "div",
      "properties": {},
      "scope": {},
    },
  ],
  "context": {
    "get": {},
    "set": {},
  },
  "hooks": {
    "onEvent": [],
    "onMount": [],
  },
  "imports": [],
  "inputs": [],
  "meta": {},
  "name": "AlpineComponent",
  "props": {},
  "refs": {},
  "state": {},
  "subComponents": [],
}
`;
