// Vitest Snapshot v1, https://vitest.dev/guide/snapshot.html

exports[`Styled Styles > Styled class is generated properly 1`] = `
{
  "output": "
          const Div = styled.div\`  color: #FFF;
  text-align: right;
  position: relative;
  max-width: 537px;
  margin: 1022px 47px 0 0;
  font: 300 16px/25px Barlow, -apple-system, Roboto, Helvetica, sans-serif ;
@media (max-width: 991px) {   max-width: 100%;
  margin: 40px 10px 0 0; }\`;
        ",
}
`;
